2025-12-17 09:00:35.309 [info] [main] Log level: Info
2025-12-17 09:00:35.309 [info] [main] Validating found git in: "git"
2025-12-17 09:00:35.309 [info] [main] Using git "2.52.0" from "git"
2025-12-17 09:00:35.309 [info] [Model][doInitialScan] Initial repository scan started
2025-12-17 09:00:35.309 [info] > git rev-parse --show-toplevel [16ms]
2025-12-17 09:00:35.309 [info] fatal: not a git repository (or any parent up to mount point /)
Stopping at filesystem boundary (GIT_DISCOVERY_ACROSS_FILESYSTEM not set).
2025-12-17 09:00:35.309 [info] > git rev-parse --show-toplevel [2ms]
2025-12-17 09:00:35.309 [info] fatal: not a git repository (or any parent up to mount point /)
Stopping at filesystem boundary (GIT_DISCOVERY_ACROSS_FILESYSTEM not set).
2025-12-17 09:00:35.309 [info] [Model][doInitialScan] Initial repository scan completed - repositories (0), closed repositories (0), parent repositories (0), unsafe repositories (0)
2025-12-17 09:00:35.803 [info] > git rev-parse --show-toplevel [2ms]
2025-12-17 09:00:35.803 [info] fatal: not a git repository (or any parent up to mount point /)
Stopping at filesystem boundary (GIT_DISCOVERY_ACROSS_FILESYSTEM not set).
2025-12-17 09:03:11.306 [info] > git rev-parse --show-toplevel [1ms]
2025-12-17 09:03:11.307 [info] fatal: not a git repository (or any parent up to mount point /)
Stopping at filesystem boundary (GIT_DISCOVERY_ACROSS_FILESYSTEM not set).
2025-12-17 09:10:52.513 [info] > git rev-parse --show-toplevel [2ms]
2025-12-17 09:10:52.513 [info] fatal: not a git repository (or any parent up to mount point /)
Stopping at filesystem boundary (GIT_DISCOVERY_ACROSS_FILESYSTEM not set).
2025-12-17 09:10:53.673 [info] > git rev-parse --show-toplevel [2ms]
2025-12-17 09:10:53.673 [info] fatal: not a git repository (or any parent up to mount point /)
Stopping at filesystem boundary (GIT_DISCOVERY_ACROSS_FILESYSTEM not set).
