2025-12-16 22:10:34.407 [info] [main] Log level: Info
2025-12-16 22:10:34.407 [info] [main] Validating found git in: "git"
2025-12-16 22:10:34.407 [info] [main] Using git "2.52.0" from "git"
2025-12-16 22:10:34.407 [info] [Model][doInitialScan] Initial repository scan started
2025-12-16 22:10:34.407 [info] > git rev-parse --show-toplevel [7ms]
2025-12-16 22:10:34.407 [info] fatal: not a git repository (or any parent up to mount point /)
Stopping at filesystem boundary (GIT_DISCOVERY_ACROSS_FILESYSTEM not set).
2025-12-16 22:10:34.407 [info] [Model][doInitialScan] Initial repository scan completed - repositories (0), closed repositories (0), parent repositories (0), unsafe repositories (0)
2025-12-16 22:10:34.407 [info] > git rev-parse --show-toplevel [1ms]
2025-12-16 22:10:34.407 [info] fatal: not a git repository (or any parent up to mount point /)
Stopping at filesystem boundary (GIT_DISCOVERY_ACROSS_FILESYSTEM not set).
2025-12-16 22:10:35.659 [info] > git rev-parse --show-toplevel [1ms]
2025-12-16 22:10:35.659 [info] fatal: not a git repository (or any parent up to mount point /)
Stopping at filesystem boundary (GIT_DISCOVERY_ACROSS_FILESYSTEM not set).
2025-12-16 22:10:35.764 [info] > git rev-parse --show-toplevel [1ms]
2025-12-16 22:10:35.764 [info] fatal: not a git repository (or any parent up to mount point /)
Stopping at filesystem boundary (GIT_DISCOVERY_ACROSS_FILESYSTEM not set).
2025-12-16 22:10:35.893 [info] > git rev-parse --show-toplevel [1ms]
2025-12-16 22:10:35.893 [info] fatal: not a git repository (or any parent up to mount point /)
Stopping at filesystem boundary (GIT_DISCOVERY_ACROSS_FILESYSTEM not set).
2025-12-16 22:10:38.183 [info] > git rev-parse --show-toplevel [1ms]
2025-12-16 22:10:38.183 [info] fatal: not a git repository (or any parent up to mount point /)
Stopping at filesystem boundary (GIT_DISCOVERY_ACROSS_FILESYSTEM not set).
2025-12-16 22:10:47.246 [info] > git rev-parse --show-toplevel [14ms]
2025-12-16 22:10:47.246 [info] fatal: not a git repository (or any parent up to mount point /)
Stopping at filesystem boundary (GIT_DISCOVERY_ACROSS_FILESYSTEM not set).
2025-12-16 22:10:55.813 [info] > git rev-parse --show-toplevel [2ms]
2025-12-16 22:10:55.813 [info] fatal: not a git repository (or any parent up to mount point /)
Stopping at filesystem boundary (GIT_DISCOVERY_ACROSS_FILESYSTEM not set).
