2025-12-16 22:10:59.552 [info] [main] Log level: Info
2025-12-16 22:10:59.552 [info] [main] Validating found git in: "git"
2025-12-16 22:10:59.552 [info] [main] Using git "2.52.0" from "git"
2025-12-16 22:10:59.552 [info] [Model][doInitialScan] Initial repository scan started
2025-12-16 22:10:59.552 [info] > git rev-parse --show-toplevel [11ms]
2025-12-16 22:10:59.552 [info] fatal: not a git repository (or any parent up to mount point /)
Stopping at filesystem boundary (GIT_DISCOVERY_ACROSS_FILESYSTEM not set).
2025-12-16 22:10:59.552 [info] [Model][doInitialScan] Initial repository scan completed - repositories (0), closed repositories (0), parent repositories (0), unsafe repositories (0)
2025-12-16 22:10:59.552 [info] > git rev-parse --show-toplevel [1ms]
2025-12-16 22:10:59.552 [info] fatal: not a git repository (or any parent up to mount point /)
Stopping at filesystem boundary (GIT_DISCOVERY_ACROSS_FILESYSTEM not set).
2025-12-16 22:11:00.795 [info] > git rev-parse --show-toplevel [1ms]
2025-12-16 22:11:00.795 [info] fatal: not a git repository (or any parent up to mount point /)
Stopping at filesystem boundary (GIT_DISCOVERY_ACROSS_FILESYSTEM not set).
2025-12-16 22:11:00.908 [info] > git rev-parse --show-toplevel [1ms]
2025-12-16 22:11:00.908 [info] fatal: not a git repository (or any parent up to mount point /)
Stopping at filesystem boundary (GIT_DISCOVERY_ACROSS_FILESYSTEM not set).
2025-12-16 22:11:01.041 [info] > git rev-parse --show-toplevel [1ms]
2025-12-16 22:11:01.042 [info] fatal: not a git repository (or any parent up to mount point /)
Stopping at filesystem boundary (GIT_DISCOVERY_ACROSS_FILESYSTEM not set).
2025-12-16 22:11:03.300 [info] > git rev-parse --show-toplevel [1ms]
2025-12-16 22:11:03.301 [info] fatal: not a git repository (or any parent up to mount point /)
Stopping at filesystem boundary (GIT_DISCOVERY_ACROSS_FILESYSTEM not set).
2025-12-16 22:11:20.003 [info] > git rev-parse --show-toplevel [15ms]
2025-12-16 22:11:20.003 [info] fatal: not a git repository (or any parent up to mount point /)
Stopping at filesystem boundary (GIT_DISCOVERY_ACROSS_FILESYSTEM not set).
2025-12-16 22:11:21.015 [info] > git rev-parse --show-toplevel [2ms]
2025-12-16 22:11:21.015 [info] fatal: not a git repository (or any parent up to mount point /)
Stopping at filesystem boundary (GIT_DISCOVERY_ACROSS_FILESYSTEM not set).
2025-12-16 22:11:28.488 [info] > git rev-parse --show-toplevel [1ms]
2025-12-16 22:11:28.489 [info] fatal: not a git repository (or any parent up to mount point /)
Stopping at filesystem boundary (GIT_DISCOVERY_ACROSS_FILESYSTEM not set).
2025-12-16 22:11:55.433 [info] > git rev-parse --show-toplevel [2ms]
2025-12-16 22:11:55.433 [info] fatal: not a git repository (or any parent up to mount point /)
Stopping at filesystem boundary (GIT_DISCOVERY_ACROSS_FILESYSTEM not set).
