2025-12-17 09:00:33.951 [info] Extension host with pid 2602 started
2025-12-17 09:00:33.951 [info] Skipping acquiring lock for /home/sjj/.config/VSCodium/User/workspaceStorage/610f6986c182a3c06aedda512496afac.
2025-12-17 09:00:33.995 [info] ExtensionService#_doActivateExtension vscode.github-authentication, startup: false, activationEvent: 'onAuthenticationRequest:github'
2025-12-17 09:00:34.049 [info] ExtensionService#_doActivateExtension vscode.emmet, startup: false, activationEvent: 'onLanguage'
2025-12-17 09:00:34.083 [info] ExtensionService#_doActivateExtension vscode.html-language-features, startup: false, activationEvent: 'onLanguage:html'
2025-12-17 09:00:34.978 [info] ExtensionService#_doActivateExtension vscode.git-base, startup: true, activationEvent: '*', root cause: vscode.git
2025-12-17 09:00:34.992 [info] ExtensionService#_doActivateExtension cosmic-themes.theme-cosmic-nebula, startup: true, activationEvent: '*'
2025-12-17 09:00:34.995 [info] ExtensionService#_doActivateExtension lazyvscode-theme.lazyvscode-theme, startup: true, activationEvent: '*'
2025-12-17 09:00:35.052 [info] ExtensionService#_doActivateExtension vscode.git, startup: true, activationEvent: '*'
2025-12-17 09:00:35.148 [info] ExtensionService#_doActivateExtension vscode.github, startup: true, activationEvent: '*'
2025-12-17 09:00:35.320 [info] Eager extensions activated
2025-12-17 09:00:35.323 [info] ExtensionService#_doActivateExtension vscode.debug-auto-launch, startup: false, activationEvent: 'onStartupFinished'
2025-12-17 09:00:35.335 [info] ExtensionService#_doActivateExtension vscode.merge-conflict, startup: false, activationEvent: 'onStartupFinished'
2025-12-17 09:00:35.376 [info] ExtensionService#_doActivateExtension Catppuccin.catppuccin-vsc, startup: false, activationEvent: 'onStartupFinished'
2025-12-17 09:00:35.389 [info] ExtensionService#_doActivateExtension PKief.material-icon-theme, startup: false, activationEvent: 'onStartupFinished'
2025-12-17 09:00:35.411 [info] ExtensionService#_doActivateExtension ritwickdey.LiveServer, startup: false, activationEvent: 'onStartupFinished'
2025-12-17 09:03:11.436 [info] ExtensionService#_doActivateExtension vscode.css-language-features, startup: false, activationEvent: 'onLanguage:css'
2025-12-17 09:10:52.238 [info] ExtensionService#_doActivateExtension vscode.configuration-editing, startup: false, activationEvent: 'onLanguage:jsonc'
2025-12-17 09:10:52.254 [info] ExtensionService#_doActivateExtension vscode.json-language-features, startup: false, activationEvent: 'onLanguage:jsonc'
2025-12-17 09:10:52.364 [info] ExtensionService#_doActivateExtension vscode.typescript-language-features, startup: false, activationEvent: 'onLanguage:jsonc'
2025-12-17 09:20:04.076 [info] Extension host terminating: renderer closed the MessagePort
2025-12-17 09:20:04.099 [info] Extension host with pid 2602 exiting with code 0
