2025-12-17 08:13:53.929 [info] Extension host with pid 8861 started
2025-12-17 08:13:53.930 [info] Skipping acquiring lock for /home/sjj/.config/VSCodium/User/workspaceStorage/610f6986c182a3c06aedda512496afac.
2025-12-17 08:13:54.249 [info] ExtensionService#_doActivateExtension vscode.github-authentication, startup: false, activationEvent: 'onAuthenticationRequest:github'
2025-12-17 08:13:54.299 [info] ExtensionService#_doActivateExtension vscode.emmet, startup: false, activationEvent: 'onLanguage'
2025-12-17 08:13:54.335 [info] ExtensionService#_doActivateExtension vscode.html-language-features, startup: false, activationEvent: 'onLanguage:html'
2025-12-17 08:13:55.182 [info] ExtensionService#_doActivateExtension vscode.git-base, startup: true, activationEvent: '*', root cause: vscode.git
2025-12-17 08:13:55.187 [info] ExtensionService#_doActivateExtension cosmic-themes.theme-cosmic-nebula, startup: true, activationEvent: '*'
2025-12-17 08:13:55.190 [info] ExtensionService#_doActivateExtension lazyvscode-theme.lazyvscode-theme, startup: true, activationEvent: '*'
2025-12-17 08:13:55.238 [info] ExtensionService#_doActivateExtension vscode.git, startup: true, activationEvent: '*'
2025-12-17 08:13:55.333 [info] ExtensionService#_doActivateExtension vscode.github, startup: true, activationEvent: '*'
2025-12-17 08:13:55.518 [info] Eager extensions activated
2025-12-17 08:13:55.521 [info] ExtensionService#_doActivateExtension vscode.debug-auto-launch, startup: false, activationEvent: 'onStartupFinished'
2025-12-17 08:13:55.525 [info] ExtensionService#_doActivateExtension vscode.merge-conflict, startup: false, activationEvent: 'onStartupFinished'
2025-12-17 08:13:55.559 [info] ExtensionService#_doActivateExtension Catppuccin.catppuccin-vsc, startup: false, activationEvent: 'onStartupFinished'
2025-12-17 08:13:55.566 [info] ExtensionService#_doActivateExtension PKief.material-icon-theme, startup: false, activationEvent: 'onStartupFinished'
2025-12-17 08:13:55.584 [info] ExtensionService#_doActivateExtension ritwickdey.LiveServer, startup: false, activationEvent: 'onStartupFinished'
2025-12-17 08:20:22.949 [error] Error: Illegal argument: line must be non-negative
	at De (file:///usr/share/vscodium/resources/app/out/vs/workbench/api/node/extensionHostProcess.js:7:1620)
	at new ia (file:///usr/share/vscodium/resources/app/out/vs/workbench/api/node/extensionHostProcess.js:110:11201)
	at new nn (file:///usr/share/vscodium/resources/app/out/vs/workbench/api/node/extensionHostProcess.js:110:12942)
	at setTrailDecorations (/home/sjj/.vscode-oss/extensions/lazyvscode-theme.lazyvscode-theme-6.4.5-universal/follow-cursor.js:101:19)
	at Timeout._onTimeout (/home/sjj/.vscode-oss/extensions/lazyvscode-theme.lazyvscode-theme-6.4.5-universal/follow-cursor.js:139:9)
	at listOnTimeout (node:internal/timers:588:17)
	at process.processTimers (node:internal/timers:523:7)
2025-12-17 08:20:22.965 [error] Error: Illegal argument: line must be non-negative
	at De (file:///usr/share/vscodium/resources/app/out/vs/workbench/api/node/extensionHostProcess.js:7:1620)
	at new ia (file:///usr/share/vscodium/resources/app/out/vs/workbench/api/node/extensionHostProcess.js:110:11201)
	at new nn (file:///usr/share/vscodium/resources/app/out/vs/workbench/api/node/extensionHostProcess.js:110:12942)
	at setTrailDecorations (/home/sjj/.vscode-oss/extensions/lazyvscode-theme.lazyvscode-theme-6.4.5-universal/follow-cursor.js:101:19)
	at Timeout._onTimeout (/home/sjj/.vscode-oss/extensions/lazyvscode-theme.lazyvscode-theme-6.4.5-universal/follow-cursor.js:139:9)
	at listOnTimeout (node:internal/timers:588:17)
	at process.processTimers (node:internal/timers:523:7)
2025-12-17 08:20:22.980 [error] Error: Illegal argument: line must be non-negative
	at De (file:///usr/share/vscodium/resources/app/out/vs/workbench/api/node/extensionHostProcess.js:7:1620)
	at new ia (file:///usr/share/vscodium/resources/app/out/vs/workbench/api/node/extensionHostProcess.js:110:11201)
	at new nn (file:///usr/share/vscodium/resources/app/out/vs/workbench/api/node/extensionHostProcess.js:110:12942)
	at setTrailDecorations (/home/sjj/.vscode-oss/extensions/lazyvscode-theme.lazyvscode-theme-6.4.5-universal/follow-cursor.js:101:19)
	at Timeout._onTimeout (/home/sjj/.vscode-oss/extensions/lazyvscode-theme.lazyvscode-theme-6.4.5-universal/follow-cursor.js:139:9)
	at listOnTimeout (node:internal/timers:588:17)
	at process.processTimers (node:internal/timers:523:7)
2025-12-17 08:20:22.995 [error] Error: Illegal argument: line must be non-negative
	at De (file:///usr/share/vscodium/resources/app/out/vs/workbench/api/node/extensionHostProcess.js:7:1620)
	at new ia (file:///usr/share/vscodium/resources/app/out/vs/workbench/api/node/extensionHostProcess.js:110:11201)
	at new nn (file:///usr/share/vscodium/resources/app/out/vs/workbench/api/node/extensionHostProcess.js:110:12942)
	at setTrailDecorations (/home/sjj/.vscode-oss/extensions/lazyvscode-theme.lazyvscode-theme-6.4.5-universal/follow-cursor.js:101:19)
	at Timeout._onTimeout (/home/sjj/.vscode-oss/extensions/lazyvscode-theme.lazyvscode-theme-6.4.5-universal/follow-cursor.js:139:9)
	at listOnTimeout (node:internal/timers:588:17)
	at process.processTimers (node:internal/timers:523:7)
2025-12-17 08:20:23.010 [error] Error: Illegal argument: line must be non-negative
	at De (file:///usr/share/vscodium/resources/app/out/vs/workbench/api/node/extensionHostProcess.js:7:1620)
	at new ia (file:///usr/share/vscodium/resources/app/out/vs/workbench/api/node/extensionHostProcess.js:110:11201)
	at new nn (file:///usr/share/vscodium/resources/app/out/vs/workbench/api/node/extensionHostProcess.js:110:12942)
	at setTrailDecorations (/home/sjj/.vscode-oss/extensions/lazyvscode-theme.lazyvscode-theme-6.4.5-universal/follow-cursor.js:101:19)
	at Timeout._onTimeout (/home/sjj/.vscode-oss/extensions/lazyvscode-theme.lazyvscode-theme-6.4.5-universal/follow-cursor.js:139:9)
	at listOnTimeout (node:internal/timers:588:17)
	at process.processTimers (node:internal/timers:523:7)
2025-12-17 08:20:23.025 [error] Error: Illegal argument: line must be non-negative
	at De (file:///usr/share/vscodium/resources/app/out/vs/workbench/api/node/extensionHostProcess.js:7:1620)
	at new ia (file:///usr/share/vscodium/resources/app/out/vs/workbench/api/node/extensionHostProcess.js:110:11201)
	at new nn (file:///usr/share/vscodium/resources/app/out/vs/workbench/api/node/extensionHostProcess.js:110:12942)
	at setTrailDecorations (/home/sjj/.vscode-oss/extensions/lazyvscode-theme.lazyvscode-theme-6.4.5-universal/follow-cursor.js:101:19)
	at Timeout._onTimeout (/home/sjj/.vscode-oss/extensions/lazyvscode-theme.lazyvscode-theme-6.4.5-universal/follow-cursor.js:139:9)
	at listOnTimeout (node:internal/timers:588:17)
	at process.processTimers (node:internal/timers:523:7)
2025-12-17 08:20:53.784 [info] ExtensionService#_doActivateExtension vscode.css-language-features, startup: false, activationEvent: 'onLanguage:css'
2025-12-17 08:58:39.908 [info] Extension host terminating: renderer closed the MessagePort
2025-12-17 08:58:39.960 [info] Extension host with pid 8861 exiting with code 0
