2025-12-17 06:44:24.460 [info] [main] Log level: Info
2025-12-17 06:44:24.460 [info] [main] Validating found git in: "git"
2025-12-17 06:44:24.460 [info] [main] Using git "2.52.0" from "git"
2025-12-17 06:44:24.460 [info] [Model][doInitialScan] Initial repository scan started
2025-12-17 06:44:24.460 [info] > git rev-parse --show-toplevel [9ms]
2025-12-17 06:44:24.460 [info] fatal: not a git repository (or any parent up to mount point /)
Stopping at filesystem boundary (GIT_DISCOVERY_ACROSS_FILESYSTEM not set).
2025-12-17 06:44:24.460 [info] [Model][doInitialScan] Initial repository scan completed - repositories (0), closed repositories (0), parent repositories (0), unsafe repositories (0)
2025-12-17 06:44:28.276 [info] > git rev-parse --show-toplevel [3ms]
2025-12-17 06:44:28.276 [info] fatal: not a git repository (or any parent up to mount point /)
Stopping at filesystem boundary (GIT_DISCOVERY_ACROSS_FILESYSTEM not set).
2025-12-17 06:44:29.229 [info] > git rev-parse --show-toplevel [3ms]
2025-12-17 06:44:29.229 [info] fatal: not a git repository (or any parent up to mount point /)
Stopping at filesystem boundary (GIT_DISCOVERY_ACROSS_FILESYSTEM not set).
2025-12-17 06:54:37.806 [info] > git rev-parse --show-toplevel [5ms]
2025-12-17 06:54:37.806 [info] fatal: not a git repository (or any parent up to mount point /)
Stopping at filesystem boundary (GIT_DISCOVERY_ACROSS_FILESYSTEM not set).
2025-12-17 06:55:37.964 [info] > git rev-parse --show-toplevel [3ms]
2025-12-17 06:55:37.964 [info] fatal: not a git repository (or any parent up to mount point /)
Stopping at filesystem boundary (GIT_DISCOVERY_ACROSS_FILESYSTEM not set).
