2025-12-17 08:13:55.510 [info] [main] Log level: Info
2025-12-17 08:13:55.510 [info] [main] Validating found git in: "git"
2025-12-17 08:13:55.510 [info] [main] Using git "2.52.0" from "git"
2025-12-17 08:13:55.510 [info] [Model][doInitialScan] Initial repository scan started
2025-12-17 08:13:55.510 [info] > git rev-parse --show-toplevel [10ms]
2025-12-17 08:13:55.510 [info] fatal: not a git repository (or any parent up to mount point /)
Stopping at filesystem boundary (GIT_DISCOVERY_ACROSS_FILESYSTEM not set).
2025-12-17 08:13:55.510 [info] > git rev-parse --show-toplevel [1ms]
2025-12-17 08:13:55.510 [info] fatal: not a git repository (or any parent up to mount point /)
Stopping at filesystem boundary (GIT_DISCOVERY_ACROSS_FILESYSTEM not set).
2025-12-17 08:13:55.510 [info] [Model][doInitialScan] Initial repository scan completed - repositories (0), closed repositories (0), parent repositories (0), unsafe repositories (0)
2025-12-17 08:13:55.673 [info] > git rev-parse --show-toplevel [2ms]
2025-12-17 08:13:55.674 [info] fatal: not a git repository (or any parent up to mount point /)
Stopping at filesystem boundary (GIT_DISCOVERY_ACROSS_FILESYSTEM not set).
2025-12-17 08:20:53.642 [info] > git rev-parse --show-toplevel [3ms]
2025-12-17 08:20:53.642 [info] fatal: not a git repository (or any parent up to mount point /)
Stopping at filesystem boundary (GIT_DISCOVERY_ACROSS_FILESYSTEM not set).
2025-12-17 08:21:04.054 [info] > git rev-parse --show-toplevel [2ms]
2025-12-17 08:21:04.054 [info] fatal: not a git repository (or any parent up to mount point /)
Stopping at filesystem boundary (GIT_DISCOVERY_ACROSS_FILESYSTEM not set).
2025-12-17 08:26:49.143 [info] > git rev-parse --show-toplevel [3ms]
2025-12-17 08:26:49.143 [info] fatal: not a git repository (or any parent up to mount point /)
Stopping at filesystem boundary (GIT_DISCOVERY_ACROSS_FILESYSTEM not set).
2025-12-17 08:26:50.034 [info] > git rev-parse --show-toplevel [4ms]
2025-12-17 08:26:50.034 [info] fatal: not a git repository (or any parent up to mount point /)
Stopping at filesystem boundary (GIT_DISCOVERY_ACROSS_FILESYSTEM not set).
